
R version 3.5.1 (2018-07-02) -- "Feather Spray"
Copyright (C) 2018 The R Foundation for Statistical Computing
Platform: x86_64-w64-mingw32/x64 (64-bit)

R is free software and comes with ABSOLUTELY NO WARRANTY.
You are welcome to redistribute it under certain conditions.
Type 'license()' or 'licence()' for distribution details.

  Natural language support but running in an English locale

R is a collaborative project with many contributors.
Type 'contributors()' for more information and
'citation()' on how to cite R or R packages in publications.

Type 'demo()' for some demos, 'help()' for on-line help, or
'help.start()' for an HTML browser interface to help.
Type 'q()' to quit R.

> #R CMD BATCH other_tests.R other_tests.Rout
> library(httk)
> 
> calc_analytic_css(chem.name="bisphenol a",model="1compartment")
Human plasma concentration returned in uM units.
[1] 0.2210116
Warning messages:
1: In parameterize_schmitt(chem.cas = chem.cas, chem.name = chem.name,  :
  Fraction unbound is provided as a distribution.
2: In available_rblood2plasma(chem.cas = chem.cas, chem.name = chem.name,  :
  Human in vivo Rblood2plasma returned.
> head(solve_1comp(chem.name="bisphenol a"))
Human amounts returned in umol and concentration returned in uM units.
AUC is area under plasma concentration curve in uM * days units with Rblood2plasma = 0.79 .
           time Agutlumen Ccompartment Ametabolized         AUC
[1,] 0.00000000 283.56939    0.0000000    0.0000000 0.000000000
[2,] 0.01041667 164.42535    0.3388375    0.2470823 0.001925738
[3,] 0.02083333  95.34072    0.5340213    0.8423496 0.006565202
[4,] 0.03125000  55.28252    0.6459140    1.6377918 0.012764810
[5,] 0.04166667  32.05511    0.7095157    2.5475916 0.019855713
[6,] 0.05208333  18.58690    0.7451210    3.5219945 0.027450127
Warning messages:
1: In parameterize_schmitt(chem.cas = chem.cas, chem.name = chem.name,  :
  Fraction unbound is provided as a distribution.
2: In available_rblood2plasma(chem.cas = chem.cas, chem.name = chem.name,  :
  Human in vivo Rblood2plasma returned.
> calc_analytic_css(chem.cas="80-05-7",model="1compartment")
Human plasma concentration returned in uM units.
[1] 0.2210116
Warning messages:
1: In parameterize_schmitt(chem.cas = chem.cas, chem.name = chem.name,  :
  Fraction unbound is provided as a distribution.
2: In available_rblood2plasma(chem.cas = chem.cas, chem.name = chem.name,  :
  Human in vivo Rblood2plasma returned.
> head(solve_1comp(chem.cas="80-05-7"))
Human amounts returned in umol and concentration returned in uM units.
AUC is area under plasma concentration curve in uM * days units with Rblood2plasma = 0.79 .
           time Agutlumen Ccompartment Ametabolized         AUC
[1,] 0.00000000 283.56939    0.0000000    0.0000000 0.000000000
[2,] 0.01041667 164.42535    0.3388375    0.2470823 0.001925738
[3,] 0.02083333  95.34072    0.5340213    0.8423496 0.006565202
[4,] 0.03125000  55.28252    0.6459140    1.6377918 0.012764810
[5,] 0.04166667  32.05511    0.7095157    2.5475916 0.019855713
[6,] 0.05208333  18.58690    0.7451210    3.5219945 0.027450127
Warning messages:
1: In parameterize_schmitt(chem.cas = chem.cas, chem.name = chem.name,  :
  Fraction unbound is provided as a distribution.
2: In available_rblood2plasma(chem.cas = chem.cas, chem.name = chem.name,  :
  Human in vivo Rblood2plasma returned.
> calc_analytic_css(parameters=parameterize_1comp(chem.cas="80-05-7"),model="1compartment")
Error in calc_analytic_css(parameters = parameterize_1comp(chem.cas = "80-05-7"),  : 
  Missing parameters: Clint.dist, Funbound.plasma.dist .  Use parameters from parameterize_1comp.
In addition: Warning messages:
1: In parameterize_schmitt(chem.cas = chem.cas, chem.name = chem.name,  :
  Fraction unbound is provided as a distribution.
2: In available_rblood2plasma(chem.cas = chem.cas, chem.name = chem.name,  :
  Human in vivo Rblood2plasma returned.
Execution halted
