
R version 3.5.1 (2018-07-02) -- "Feather Spray"
Copyright (C) 2018 The R Foundation for Statistical Computing
Platform: x86_64-w64-mingw32/x64 (64-bit)

R is free software and comes with ABSOLUTELY NO WARRANTY.
You are welcome to redistribute it under certain conditions.
Type 'license()' or 'licence()' for distribution details.

  Natural language support but running in an English locale

R is a collaborative project with many contributors.
Type 'contributors()' for more information and
'citation()' on how to cite R or R packages in publications.

Type 'demo()' for some demos, 'help()' for on-line help, or
'help.start()' for an HTML browser interface to help.
Type 'q()' to quit R.

> #R CMD BATCH other_tests.R other_tests.Rout
> library(httk)
> 
> args <- commandArgs(TRUE)
> 
> calc_analytic_css(chem.name="bisphenol a",model="1compartment")
Human plasma concentration returned in uM units.
[1] 0.2210116
Warning messages:
1: In parameterize_schmitt(chem.cas = chem.cas, chem.name = chem.name,  :
  Fraction unbound is provided as a distribution.
2: In available_rblood2plasma(chem.cas = chem.cas, chem.name = chem.name,  :
  Human in vivo Rblood2plasma returned.
> calc_analytic_css(chem.cas="80-05-7",model="1compartment")
Human plasma concentration returned in uM units.
[1] 0.2210116
Warning messages:
1: In parameterize_schmitt(chem.cas = chem.cas, chem.name = chem.name,  :
  Fraction unbound is provided as a distribution.
2: In available_rblood2plasma(chem.cas = chem.cas, chem.name = chem.name,  :
  Human in vivo Rblood2plasma returned.
> calc_analytic_css(parameters=parameterize_1comp(chem.cas="80-05-7"),model="1compartment")
Plasma concentration returned in uM units.
[1] 0.2210116
Warning messages:
1: In parameterize_schmitt(chem.cas = chem.cas, chem.name = chem.name,  :
  Fraction unbound is provided as a distribution.
2: In available_rblood2plasma(chem.cas = chem.cas, chem.name = chem.name,  :
  Human in vivo Rblood2plasma returned.
> calc_analytic_css2(chem.name="bisphenol a",model="1compartment")
Error in eval(model.list[[model]]$analytic.css.func, chem.name = chem.name,  : 
  unused arguments (chem.name = chem.name, chem.cas = chem.cas, parameters = parameters, hourly.dose = hourly.dose, concentration = concentration, suppress.messages = suppress.messages, recalc.blood2plasma = recalc.blood2plasma, tissue = tissue, restrictive.clearance = restrictive.clearance)
Calls: calc_analytic_css2
Execution halted
