
R version 3.5.1 (2018-07-02) -- "Feather Spray"
Copyright (C) 2018 The R Foundation for Statistical Computing
Platform: x86_64-w64-mingw32/x64 (64-bit)

R is free software and comes with ABSOLUTELY NO WARRANTY.
You are welcome to redistribute it under certain conditions.
Type 'license()' or 'licence()' for distribution details.

  Natural language support but running in an English locale

R is a collaborative project with many contributors.
Type 'contributors()' for more information and
'citation()' on how to cite R or R packages in publications.

Type 'demo()' for some demos, 'help()' for on-line help, or
'help.start()' for an HTML browser interface to help.
Type 'q()' to quit R.

> #R CMD BATCH other_tests.R other_tests.Rout
> library(httk)
> 
> calc_analytic_css(chem.name="bisphenol a",model="1compartment")
Plasma concentration returned in uM units.
[1] 2.210116
Warning messages:
1: In parameterize_schmitt(chem.cas = chem.cas, chem.name = chem.name,  :
  Fraction unbound is provided as a distribution.
2: In available_rblood2plasma(chem.cas = chem.cas, chem.name = chem.name,  :
  Human in vivo Rblood2plasma returned.
> calc_analytic_css(chem.cas="80-05-7",model="1compartment")
Plasma concentration returned in uM units.
[1] 2.210116
Warning messages:
1: In parameterize_schmitt(chem.cas = chem.cas, chem.name = chem.name,  :
  Fraction unbound is provided as a distribution.
2: In available_rblood2plasma(chem.cas = chem.cas, chem.name = chem.name,  :
  Human in vivo Rblood2plasma returned.
> calc_analytic_css(parameters=parameterize_1comp(chem.cas="80-05-7"),model="1compartment")
Plasma concentration returned in uM units.
[1] 2.210116
Warning messages:
1: In parameterize_schmitt(chem.cas = chem.cas, chem.name = chem.name,  :
  Fraction unbound is provided as a distribution.
2: In available_rblood2plasma(chem.cas = chem.cas, chem.name = chem.name,  :
  Human in vivo Rblood2plasma returned.
> calc_analytic_css(chem.cas="80-05-7",model="1compartment",tissue="liver")
Plasma for liver returned in uM units.
[1] 40.12928
Warning messages:
1: In parameterize_schmitt(chem.cas = chem.cas, chem.name = chem.name,  :
  Fraction unbound is provided as a distribution.
2: In available_rblood2plasma(chem.cas = chem.cas, chem.name = chem.name,  :
  Human in vivo Rblood2plasma returned.
3: In parameterize_schmitt(chem.cas = "80-05-7") :
  Fraction unbound is provided as a distribution.
4: In parameterize_schmitt(chem.cas = "80-05-7") :
  Fraction unbound is provided as a distribution.
> calc_analytic_css(chem.cas="80-05-7",model="1compartment",tissue="brain")
Plasma for brain returned in uM units.
[1] 12.74566
Warning messages:
1: In parameterize_schmitt(chem.cas = chem.cas, chem.name = chem.name,  :
  Fraction unbound is provided as a distribution.
2: In available_rblood2plasma(chem.cas = chem.cas, chem.name = chem.name,  :
  Human in vivo Rblood2plasma returned.
3: In parameterize_schmitt(chem.cas = "80-05-7") :
  Fraction unbound is provided as a distribution.
4: In parameterize_schmitt(chem.cas = "80-05-7") :
  Fraction unbound is provided as a distribution.
> 
> head(solve_1comp(chem.name="bisphenol a"))
Human amounts returned in umol and concentration returned in uM units.
AUC is area under plasma concentration curve in uM * days units with Rblood2plasma = 0.79 .
           time Agutlumen Ccompartment Ametabolized         AUC
[1,] 0.00000000 283.56939    0.0000000    0.0000000 0.000000000
[2,] 0.01041667 164.42535    0.3388375    0.2470823 0.001925738
[3,] 0.02083333  95.34072    0.5340213    0.8423496 0.006565202
[4,] 0.03125000  55.28252    0.6459140    1.6377918 0.012764810
[5,] 0.04166667  32.05511    0.7095157    2.5475916 0.019855713
[6,] 0.05208333  18.58690    0.7451210    3.5219945 0.027450127
Warning messages:
1: In parameterize_schmitt(chem.cas = chem.cas, chem.name = chem.name,  :
  Fraction unbound is provided as a distribution.
2: In available_rblood2plasma(chem.cas = chem.cas, chem.name = chem.name,  :
  Human in vivo Rblood2plasma returned.
> head(solve_1comp(chem.cas="80-05-7"))
Human amounts returned in umol and concentration returned in uM units.
AUC is area under plasma concentration curve in uM * days units with Rblood2plasma = 0.79 .
           time Agutlumen Ccompartment Ametabolized         AUC
[1,] 0.00000000 283.56939    0.0000000    0.0000000 0.000000000
[2,] 0.01041667 164.42535    0.3388375    0.2470823 0.001925738
[3,] 0.02083333  95.34072    0.5340213    0.8423496 0.006565202
[4,] 0.03125000  55.28252    0.6459140    1.6377918 0.012764810
[5,] 0.04166667  32.05511    0.7095157    2.5475916 0.019855713
[6,] 0.05208333  18.58690    0.7451210    3.5219945 0.027450127
Warning messages:
1: In parameterize_schmitt(chem.cas = chem.cas, chem.name = chem.name,  :
  Fraction unbound is provided as a distribution.
2: In available_rblood2plasma(chem.cas = chem.cas, chem.name = chem.name,  :
  Human in vivo Rblood2plasma returned.
> head(solve_1comp(parameters=parameterize_1comp(chem.cas="80-05-7")))
Amounts returned in umol  and concentration returned in uM units.
AUC is area under plasma concentration curve in uM * days units with Rblood2plasma = 0.79 .
           time Agutlumen Ccompartment Ametabolized         AUC
[1,] 0.00000000 283.56939    0.0000000    0.0000000 0.000000000
[2,] 0.01041667 164.42535    0.3388375    0.2470823 0.001925738
[3,] 0.02083333  95.34072    0.5340213    0.8423496 0.006565202
[4,] 0.03125000  55.28252    0.6459140    1.6377918 0.012764810
[5,] 0.04166667  32.05511    0.7095157    2.5475916 0.019855713
[6,] 0.05208333  18.58690    0.7451210    3.5219945 0.027450127
Warning messages:
1: In parameterize_schmitt(chem.cas = chem.cas, chem.name = chem.name,  :
  Fraction unbound is provided as a distribution.
2: In available_rblood2plasma(chem.cas = chem.cas, chem.name = chem.name,  :
  Human in vivo Rblood2plasma returned.
> 
> calc_vdist(chem.name="triclosan")
Human volume of distribution returned in units of L/kg BW.
[1] 1.828132
Warning message:
In parameterize_schmitt(chem.cas = chem.cas, chem.name = chem.name,  :
  Fraction unbound is provided as a distribution.
> calc_vdist(chem.cas="80-05-7")
Human volume of distribution returned in units of L/kg BW.
[1] 5.01281
Warning message:
In parameterize_schmitt(chem.cas = chem.cas, chem.name = chem.name,  :
  Fraction unbound is provided as a distribution.
> params <- parameterize_schmitt(chem.name="triclosan")
Warning message:
In parameterize_schmitt(chem.name = "triclosan") :
  Fraction unbound is provided as a distribution.
> calc_vdist(parameters=params)
Volume of distribution returned in units of L/kg BW.
[1] 1.828132
> params <- parameterize_3comp(chem.name="triclosan")
Warning messages:
1: In parameterize_pbtk(chem.cas = chem.cas, chem.name = chem.name,  :
  Clint is provided as a distribution.
2: In parameterize_pbtk(chem.cas = chem.cas, chem.name = chem.name,  :
  Funbound.plasma adjusted for in vitro partioning (Pearce, 2017). Set adjusted.Funbound.plasma to FALSE to use original value.
3: In available_rblood2plasma(chem.cas = chem.cas, species = species,  :
  Human in vivo Rblood2plasma returned.
> calc_vdist(parameters=params)
Volume of distribution returned in units of L/kg BW.
[1] 1.828132
> params <- parameterize_pbtk(chem.name="triclosan")
Warning messages:
1: In parameterize_pbtk(chem.name = "triclosan") :
  Clint is provided as a distribution.
2: In parameterize_pbtk(chem.name = "triclosan") :
  Funbound.plasma adjusted for in vitro partioning (Pearce, 2017). Set adjusted.Funbound.plasma to FALSE to use original value.
3: In available_rblood2plasma(chem.cas = chem.cas, species = species,  :
  Human in vivo Rblood2plasma returned.
> calc_vdist(parameters=params)
Volume of distribution returned in units of L/kg BW.
[1] 1.828132
> 
> if (length(script.args) > 0) 
+ {
+   if (any(script.args=="mctest"))
+   {
+     set.seed(12345)
+     calc_mc_css(chem.name="bisphenol a",model="1compartment")
+     set.seed(12345)
+     calc_mc_css(chem.cas="80-05-7",model="1compartment")
+     set.seed(12345)
+     calc_mc_css(parameters=parameterize_1comp(chem.cas="80-05-7"),model="1compartment")
+   }
+   if (any(script.args=="wetmoretest"))
+   {
+     wetmore.chems <- subset(chem.physical_and_invitro.data,
+       regexpr("Wetmore",Human.Clint.Reference)!=-1 &
+       regexpr("Wetmore",Human.Funbound.plasma.Reference)!=-1)
+     Css.table <- data.frame()
+     for (this.cas in sort(get_lit_cheminfo()))
+       if (this.cas %in% get_cheminfo(model="pbtk") &
+         this.cas %in% wetmore.chems$CAS)
+       {
+         Css.table[this.cas,"Css.lit"] <- get_lit_css(chem.cas=this.cas,
+           output.units="uM",
+           which.quantile=0.5)
+         Css.table[this.cas,"Css.calc"] <- calc_analytic_css(chem.cas=this.cas,
+           model="1compartment")
+       }                                                                          
+     cat(lm(log(Css.lit)~log(Css.calc),data=Css.table)$coefficients)
+    
+     #library(ggplot2)
+     #test.fig <- ggplot(Css.table,aes(x=Css.calc,y=Css.lit)) +
+     #         geom_point(size=3)+
+     #   scale_y_log10()+
+     #   scale_x_log10()+
+     #  ylab(expression(paste(C[aa]," Literature (uM)"))) +
+     #  xlab(expression(paste(C[aa]," 1compartment model (uM)"))) +
+     #  geom_abline(intercept = 0, slope = 1,linetype="dashed", colour="Blue") 
+     #
+     #dev.new()
+     #print(test.fig)
+   }
+ }
Error: object 'script.args' not found
Execution halted
