
R version 3.6.0 (2019-04-26) -- "Planting of a Tree"
Copyright (C) 2019 The R Foundation for Statistical Computing
Platform: x86_64-w64-mingw32/x64 (64-bit)

R is free software and comes with ABSOLUTELY NO WARRANTY.
You are welcome to redistribute it under certain conditions.
Type 'license()' or 'licence()' for distribution details.

  Natural language support but running in an English locale

R is a collaborative project with many contributors.
Type 'contributors()' for more information and
'citation()' on how to cite R or R packages in publications.

Type 'demo()' for some demos, 'help()' for on-line help, or
'help.start()' for an HTML browser interface to help.
Type 'q()' to quit R.

[Previously saved workspace restored]

> #R CMD BATCH --no-timing --no-save other_tests.R other_tests.Rout
> library(httk)
> options(warn=-1)
> 
> fake <- data.frame(Compound="Tester",
+                    CASRN="222-11-1",
+                    MW=200,
+                    logP=3.5,
+                    Fup=0.1,
+                    Clint=0.1,
+                    Clint.pValue=0.001)
> chem.physical_and_invitro.data <- add_chemtable(fake,current.table=chem.physical_and_invitro.data,data.list=list(Compound="Compound",CAS="CASRN",MW="MW",logP="logP",Funbound.plasma="Fup",Clint="Clint",Clint.pValue="Clint.pValue"),species="Human",reference="Fake")
> calc_css(chem.name="Tester")
Error in parameterize_pbtk(chem.cas = chem.cas, chem.name = chem.name,  : 
  Missing metabolic clearance data for given species.

Set default.to.human to true to substitute human value.
Calls: calc_css -> parameterize_pbtk
Execution halted
