
R version 3.6.0 (2019-04-26) -- "Planting of a Tree"
Copyright (C) 2019 The R Foundation for Statistical Computing
Platform: x86_64-w64-mingw32/x64 (64-bit)

R is free software and comes with ABSOLUTELY NO WARRANTY.
You are welcome to redistribute it under certain conditions.
Type 'license()' or 'licence()' for distribution details.

  Natural language support but running in an English locale

R is a collaborative project with many contributors.
Type 'contributors()' for more information and
'citation()' on how to cite R or R packages in publications.

Type 'demo()' for some demos, 'help()' for on-line help, or
'help.start()' for an HTML browser interface to help.
Type 'q()' to quit R.

[Previously saved workspace restored]

> #R CMD BATCH --no-timing other_tests.R other_tests.Rout
> library(httk)

Attaching package: 'httk'

The following object is masked _by_ '.GlobalEnv':

    chem.physical_and_invitro.data

> options(warn=-1)
> 
> calc_css(chem.name='nicotine')
Human plasma concentrations returned in uM units.
$avg
[1] 0.6802206

$frac
[1] 2.317517

$max
[1] 5.229138

$the.day
[1] 0

> 
> calc_css(chem.name="perfluorooctanoic acid")
Human plasma concentrations returned in uM units.
$avg
[1] 142.0667

$frac
[1] 0.9979274

$max
[1] 144.1024

$the.day
[1] 14

> 
> calc_stats(chem.name='nicotine',days=10)
Human plasma concentrations returned in uM units.
AUC is area under plasma concentration curve in uM * days units with Rblood2plasma = .
$AUC
[1] 6.801601

$peak
[1] 3.925553

$mean
[1] 0.6801601

> 
> calc_stats(dtxsid="DTXSID0020442",days=1)
Plasma values returned in uM units.
AUC is area under plasma concentration curve in uM * days units with Rblood2plasma = .
$AUC
[1] 9.432297

$peak
[1] 10.54386

$mean
[1] 9.432297

> 
> calc_stats(dtxsid="DTXSID0020442",days=10)
Plasma values returned in uM units.
AUC is area under plasma concentration curve in uM * days units with Rblood2plasma = .
$AUC
[1] 295.2257

$peak
[1] 44.59744

$mean
[1] 29.52257

> 
> calc_stats(dtxsid="DTXSID0020442",days=100)
Plasma values returned in uM units.
AUC is area under plasma concentration curve in uM * days units with Rblood2plasma = .
$AUC
[1] 4248.536

$peak
[1] 48.81583

$mean
[1] 42.48536

> 
> calc_analytic_css(chem.name='Bisphenol-A',tissue='liver',species='rabbit',
+                   default.to.human=TRUE,daily.dose=2)
Error in parameterize_schmitt(chem.cas = chem.cas, species = species,  : 
  Missing protein binding data for given species. Set default.to.human to true to substitute human value.
Calls: calc_analytic_css ... do.call -> parameterize_pbtk -> parameterize_schmitt
Execution halted
