
R version 3.6.0 (2019-04-26) -- "Planting of a Tree"
Copyright (C) 2019 The R Foundation for Statistical Computing
Platform: x86_64-w64-mingw32/x64 (64-bit)

R is free software and comes with ABSOLUTELY NO WARRANTY.
You are welcome to redistribute it under certain conditions.
Type 'license()' or 'licence()' for distribution details.

  Natural language support but running in an English locale

R is a collaborative project with many contributors.
Type 'contributors()' for more information and
'citation()' on how to cite R or R packages in publications.

Type 'demo()' for some demos, 'help()' for on-line help, or
'help.start()' for an HTML browser interface to help.
Type 'q()' to quit R.

[Previously saved workspace restored]

> #R CMD BATCH --no-timing --no-save other_tests.R other_tests.Rout
> library(httk)

Attaching package: 'httk'

The following object is masked _by_ '.GlobalEnv':

    chem.physical_and_invitro.data

> options(warn=-1)
> 
> calc_analytic_css(chem.name="bisphenol a",model="pbtk")
Plasma concentration returned in uM units.
[1] 1.173919
> calc_analytic_css(chem.cas="80-05-7",model="pbtk")
Plasma concentration returned in uM units.
[1] 1.173919
> calc_analytic_css(parameters=parameterize_pbtk(chem.cas="80-05-7"),model="pbtk")
Plasma concentration returned in uM units.
[1] 1.173919
> calc_analytic_css(chem.name="bisphenol a",model="pbtk",tissue="liver")
Error in predict_partitioning_schmitt(parameters = parameters[param.names.schmitt[param.names.schmitt %in%  : 
  object 'param.names.schmitt' not found
Calls: calc_analytic_css ... calc_analytic_css_pbtk -> predict_partitioning_schmitt
Execution halted
