
R Under development (unstable) (2020-06-29 r78751) -- "Unsuffered Consequences"
Copyright (C) 2020 The R Foundation for Statistical Computing
Platform: x86_64-w64-mingw32/x64 (64-bit)

R is free software and comes with ABSOLUTELY NO WARRANTY.
You are welcome to redistribute it under certain conditions.
Type 'license()' or 'licence()' for distribution details.

  Natural language support but running in an English locale

R is a collaborative project with many contributors.
Type 'contributors()' for more information and
'citation()' on how to cite R or R packages in publications.

Type 'demo()' for some demos, 'help()' for on-line help, or
'help.start()' for an HTML browser interface to help.
Type 'q()' to quit R.

> #R CMD BATCH --no-timing --no-restore --no-save adddata_test.R adddata_test.Rout
> library(httk)
> options(warn=-1)
> 
> # Number of chemicals distributed with the package:
> num.chems <- length(get_cheminfo())
> 
> fake <- data.frame(Compound="Tester",
+                    CASRN="222-11-1",
+                    DTXSID="DTX111222",
+                    MW=200,
+                    logP=3.5,
+                    Fup=0.1,
+                    Clint=0.1,
+                    Clint.pValue=0.001,stringsAsFactors=F)
> 
> chem.physical_and_invitro.data <- add_chemtable(
+   fake,
+   current.table=chem.physical_and_invitro.data,
+   data.list=list(
+     Compound="Compound",
+     CAS="CASRN",
+     DTXSID="DTXSID",
+     MW="MW",
+     logP="logP",
+     Funbound.plasma="Fup",
+     Clint="Clint",
+     Clint.pValue="Clint.pValue"),
+   species="Human",
+   reference="Fake")
> 
> calc_css(chem.name="Tester")
$avg
[1] 53

$frac
[1] 0.9755

$max
[1] 51.55

$the.day
[1] 24

> 
> load_sipes2017()
Loading predictions from Sipes et al. (2017) for 8758 chemicals.
Existing data are not being overwritten.
Please wait...
Error in add_chemtable(sipes2017, current.table = chem.physical_and_invitro.data,  : 
  "DTXSID" must be one of the 
columns in "data.list".
Calls: load_sipes2017 -> assign -> add_chemtable
Execution halted
